Archive member included to satisfy reference by file (symbol)

d:/stm32cubeide_1.10.1/stm32cubeide/plugins/com.st.stm32cube.ide.mcu.externaltools.gnu-tools-for-stm32.10.3-2021.10.win32_1.0.0.202111181127/tools/bin/../lib/gcc/arm-none-eabi/10.3.1/../../../../arm-none-eabi/lib/thumb/v7e-m+fp/hard\libc_nano.a(lib_a-errno.o)
                              ./Src/syscalls.o (__errno)
d:/stm32cubeide_1.10.1/stm32cubeide/plugins/com.st.stm32cube.ide.mcu.externaltools.gnu-tools-for-stm32.10.3-2021.10.win32_1.0.0.202111181127/tools/bin/../lib/gcc/arm-none-eabi/10.3.1/../../../../arm-none-eabi/lib/thumb/v7e-m+fp/hard\libc_nano.a(lib_a-exit.o)
                              d:/stm32cubeide_1.10.1/stm32cubeide/plugins/com.st.stm32cube.ide.mcu.externaltools.gnu-tools-for-stm32.10.3-2021.10.win32_1.0.0.202111181127/tools/bin/../lib/gcc/arm-none-eabi/10.3.1/../../../../arm-none-eabi/lib/thumb/v7e-m+fp/hard/crt0.o (exit)
d:/stm32cubeide_1.10.1/stm32cubeide/plugins/com.st.stm32cube.ide.mcu.externaltools.gnu-tools-for-stm32.10.3-2021.10.win32_1.0.0.202111181127/tools/bin/../lib/gcc/arm-none-eabi/10.3.1/../../../../arm-none-eabi/lib/thumb/v7e-m+fp/hard\libc_nano.a(lib_a-impure.o)
                              d:/stm32cubeide_1.10.1/stm32cubeide/plugins/com.st.stm32cube.ide.mcu.externaltools.gnu-tools-for-stm32.10.3-2021.10.win32_1.0.0.202111181127/tools/bin/../lib/gcc/arm-none-eabi/10.3.1/../../../../arm-none-eabi/lib/thumb/v7e-m+fp/hard\libc_nano.a(lib_a-exit.o) (_global_impure_ptr)
d:/stm32cubeide_1.10.1/stm32cubeide/plugins/com.st.stm32cube.ide.mcu.externaltools.gnu-tools-for-stm32.10.3-2021.10.win32_1.0.0.202111181127/tools/bin/../lib/gcc/arm-none-eabi/10.3.1/../../../../arm-none-eabi/lib/thumb/v7e-m+fp/hard\libc_nano.a(lib_a-init.o)
                              d:/stm32cubeide_1.10.1/stm32cubeide/plugins/com.st.stm32cube.ide.mcu.externaltools.gnu-tools-for-stm32.10.3-2021.10.win32_1.0.0.202111181127/tools/bin/../lib/gcc/arm-none-eabi/10.3.1/../../../../arm-none-eabi/lib/thumb/v7e-m+fp/hard/crt0.o (__libc_init_array)
d:/stm32cubeide_1.10.1/stm32cubeide/plugins/com.st.stm32cube.ide.mcu.externaltools.gnu-tools-for-stm32.10.3-2021.10.win32_1.0.0.202111181127/tools/bin/../lib/gcc/arm-none-eabi/10.3.1/../../../../arm-none-eabi/lib/thumb/v7e-m+fp/hard\libc_nano.a(lib_a-memset.o)
                              d:/stm32cubeide_1.10.1/stm32cubeide/plugins/com.st.stm32cube.ide.mcu.externaltools.gnu-tools-for-stm32.10.3-2021.10.win32_1.0.0.202111181127/tools/bin/../lib/gcc/arm-none-eabi/10.3.1/../../../../arm-none-eabi/lib/thumb/v7e-m+fp/hard/crt0.o (memset)
d:/stm32cubeide_1.10.1/stm32cubeide/plugins/com.st.stm32cube.ide.mcu.externaltools.gnu-tools-for-stm32.10.3-2021.10.win32_1.0.0.202111181127/tools/bin/../lib/gcc/arm-none-eabi/10.3.1/../../../../arm-none-eabi/lib/thumb/v7e-m+fp/hard\libc_nano.a(lib_a-strlen.o)
                              ./display/ili9163.o (strlen)

Discarded input sections

 .text          0x0000000000000000        0x0 d:/stm32cubeide_1.10.1/stm32cubeide/plugins/com.st.stm32cube.ide.mcu.externaltools.gnu-tools-for-stm32.10.3-2021.10.win32_1.0.0.202111181127/tools/bin/../lib/gcc/arm-none-eabi/10.3.1/thumb/v7e-m+fp/hard/crti.o
 .data          0x0000000000000000        0x0 d:/stm32cubeide_1.10.1/stm32cubeide/plugins/com.st.stm32cube.ide.mcu.externaltools.gnu-tools-for-stm32.10.3-2021.10.win32_1.0.0.202111181127/tools/bin/../lib/gcc/arm-none-eabi/10.3.1/thumb/v7e-m+fp/hard/crti.o
 .bss           0x0000000000000000        0x0 d:/stm32cubeide_1.10.1/stm32cubeide/plugins/com.st.stm32cube.ide.mcu.externaltools.gnu-tools-for-stm32.10.3-2021.10.win32_1.0.0.202111181127/tools/bin/../lib/gcc/arm-none-eabi/10.3.1/thumb/v7e-m+fp/hard/crti.o
 .data          0x0000000000000000        0x4 d:/stm32cubeide_1.10.1/stm32cubeide/plugins/com.st.stm32cube.ide.mcu.externaltools.gnu-tools-for-stm32.10.3-2021.10.win32_1.0.0.202111181127/tools/bin/../lib/gcc/arm-none-eabi/10.3.1/thumb/v7e-m+fp/hard/crtbegin.o
 .rodata        0x0000000000000000       0x24 d:/stm32cubeide_1.10.1/stm32cubeide/plugins/com.st.stm32cube.ide.mcu.externaltools.gnu-tools-for-stm32.10.3-2021.10.win32_1.0.0.202111181127/tools/bin/../lib/gcc/arm-none-eabi/10.3.1/thumb/v7e-m+fp/hard/crtbegin.o
 .text          0x0000000000000000       0x7c d:/stm32cubeide_1.10.1/stm32cubeide/plugins/com.st.stm32cube.ide.mcu.externaltools.gnu-tools-for-stm32.10.3-2021.10.win32_1.0.0.202111181127/tools/bin/../lib/gcc/arm-none-eabi/10.3.1/../../../../arm-none-eabi/lib/thumb/v7e-m+fp/hard/crt0.o
 .data          0x0000000000000000        0x0 d:/stm32cubeide_1.10.1/stm32cubeide/plugins/com.st.stm32cube.ide.mcu.externaltools.gnu-tools-for-stm32.10.3-2021.10.win32_1.0.0.202111181127/tools/bin/../lib/gcc/arm-none-eabi/10.3.1/../../../../arm-none-eabi/lib/thumb/v7e-m+fp/hard/crt0.o
[...]
Memory Configuration

Name             Origin             Length             Attributes
FLASH            0x0000000008000000 0x0000000000010000 xr
CCMRAM           0x0000000010000000 0x0000000000001000 xrw
RAM              0x0000000020000000 0x0000000000003000 xrw
*default*        0x0000000000000000 0xffffffffffffffff

Linker script and memory map

LOAD d:/stm32cubeide_1.10.1/stm32cubeide/plugins/com.st.stm32cube.ide.mcu.externaltools.gnu-tools-for-stm32.10.3-2021.10.win32_1.0.0.202111181127/tools/bin/../lib/gcc/arm-none-eabi/10.3.1/thumb/v7e-m+fp/hard/crti.o
LOAD d:/stm32cubeide_1.10.1/stm32cubeide/plugins/com.st.stm32cube.ide.mcu.externaltools.gnu-tools-for-stm32.10.3-2021.10.win32_1.0.0.202111181127/tools/bin/../lib/gcc/arm-none-eabi/10.3.1/thumb/v7e-m+fp/hard/crtbegin.o
LOAD d:/stm32cubeide_1.10.1/stm32cubeide/plugins/com.st.stm32cube.ide.mcu.externaltools.gnu-tools-for-stm32.10.3-2021.10.win32_1.0.0.202111181127/tools/bin/../lib/gcc/arm-none-eabi/10.3.1/../../../../arm-none-eabi/lib/thumb/v7e-m+fp/hard/crt0.o
LOAD ./Drivers/STM32F3xx_HAL_Driver/Src/stm32f3xx_ll_dma.o
LOAD ./Drivers/STM32F3xx_HAL_Driver/Src/stm32f3xx_ll_exti.o
LOAD ./Drivers/STM32F3xx_HAL_Driver/Src/stm32f3xx_ll_gpio.o
LOAD ./Drivers/STM32F3xx_HAL_Driver/Src/stm32f3xx_ll_i2c.o
LOAD ./Drivers/STM32F3xx_HAL_Driver/Src/stm32f3xx_ll_rcc.o
LOAD ./Drivers/STM32F3xx_HAL_Driver/Src/stm32f3xx_ll_spi.o
LOAD ./Drivers/STM32F3xx_HAL_Driver/Src/stm32f3xx_ll_utils.o
LOAD ./Src/gpio.o
LOAD ./Src/i2c.o
LOAD ./Src/main.o
LOAD ./Src/spi.o
LOAD ./Src/stm32f3xx_it.o
LOAD ./Src/syscalls.o
LOAD ./Src/sysmem.o
LOAD ./Src/system_stm32f3xx.o
LOAD ./Startup/startup_stm32f303k8tx.o
LOAD ./display/ili9163.o
START GROUP
LOAD d:/stm32cubeide_1.10.1/stm32cubeide/plugins/com.st.stm32cube.ide.mcu.externaltools.gnu-tools-for-stm32.10.3-2021.10.win32_1.0.0.202111181127/tools/bin/../lib/gcc/arm-none-eabi/10.3.1/../../../../arm-none-eabi/lib/thumb/v7e-m+fp/hard\libc_nano.a
LOAD d:/stm32cubeide_1.10.1/stm32cubeide/plugins/com.st.stm32cube.ide.mcu.externaltools.gnu-tools-for-stm32.10.3-2021.10.win32_1.0.0.202111181127/tools/bin/../lib/gcc/arm-none-eabi/10.3.1/../../../../arm-none-eabi/lib/thumb/v7e-m+fp/hard\libm.a
END GROUP
START GROUP
LOAD d:/stm32cubeide_1.10.1/stm32cubeide/plugins/com.st.stm32cube.ide.mcu.externaltools.gnu-tools-for-stm32.10.3-2021.10.win32_1.0.0.202111181127/tools/bin/../lib/gcc/arm-none-eabi/10.3.1/thumb/v7e-m+fp/hard\libgcc.a
LOAD d:/stm32cubeide_1.10.1/stm32cubeide/plugins/com.st.stm32cube.ide.mcu.externaltools.gnu-tools-for-stm32.10.3-2021.10.win32_1.0.0.202111181127/tools/bin/../lib/gcc/arm-none-eabi/10.3.1/../../../../arm-none-eabi/lib/thumb/v7e-m+fp/hard\libc_nano.a
END GROUP
START GROUP
LOAD d:/stm32cubeide_1.10.1/stm32cubeide/plugins/com.st.stm32cube.ide.mcu.externaltools.gnu-tools-for-stm32.10.3-2021.10.win32_1.0.0.202111181127/tools/bin/../lib/gcc/arm-none-eabi/10.3.1/thumb/v7e-m+fp/hard\libgcc.a
LOAD d:/stm32cubeide_1.10.1/stm32cubeide/plugins/com.st.stm32cube.ide.mcu.externaltools.gnu-tools-for-stm32.10.3-2021.10.win32_1.0.0.202111181127/tools/bin/../lib/gcc/arm-none-eabi/10.3.1/../../../../arm-none-eabi/lib/thumb/v7e-m+fp/hard\libc_nano.a
LOAD d:/stm32cubeide_1.10.1/stm32cubeide/plugins/com.st.stm32cube.ide.mcu.externaltools.gnu-tools-for-stm32.10.3-2021.10.win32_1.0.0.202111181127/tools/bin/../lib/gcc/arm-none-eabi/10.3.1/../../../../arm-none-eabi/lib/thumb/v7e-m+fp/hard\libnosys.a
END GROUP
START GROUP
LOAD d:/stm32cubeide_1.10.1/stm32cubeide/plugins/com.st.stm32cube.ide.mcu.externaltools.gnu-tools-for-stm32.10.3-2021.10.win32_1.0.0.202111181127/tools/bin/../lib/gcc/arm-none-eabi/10.3.1/thumb/v7e-m+fp/hard\libgcc.a
LOAD d:/stm32cubeide_1.10.1/stm32cubeide/plugins/com.st.stm32cube.ide.mcu.externaltools.gnu-tools-for-stm32.10.3-2021.10.win32_1.0.0.202111181127/tools/bin/../lib/gcc/arm-none-eabi/10.3.1/../../../../arm-none-eabi/lib/thumb/v7e-m+fp/hard\libc_nano.a
LOAD d:/stm32cubeide_1.10.1/stm32cubeide/plugins/com.st.stm32cube.ide.mcu.externaltools.gnu-tools-for-stm32.10.3-2021.10.win32_1.0.0.202111181127/tools/bin/../lib/gcc/arm-none-eabi/10.3.1/../../../../arm-none-eabi/lib/thumb/v7e-m+fp/hard\libnosys.a
END GROUP
LOAD d:/stm32cubeide_1.10.1/stm32cubeide/plugins/com.st.stm32cube.ide.mcu.externaltools.gnu-tools-for-stm32.10.3-2021.10.win32_1.0.0.202111181127/tools/bin/../lib/gcc/arm-none-eabi/10.3.1/thumb/v7e-m+fp/hard/crtend.o
LOAD d:/stm32cubeide_1.10.1/stm32cubeide/plugins/com.st.stm32cube.ide.mcu.externaltools.gnu-tools-for-stm32.10.3-2021.10.win32_1.0.0.202111181127/tools/bin/../lib/gcc/arm-none-eabi/10.3.1/thumb/v7e-m+fp/hard/crtn.o
                0x0000000020003000                _estack = 0x20003000
                0x0000000000000200                _Min_Heap_Size = 0x200
                0x0000000000000400                _Min_Stack_Size = 0x400

.isr_vector     0x0000000008000000      0x188
                0x0000000008000000                . = ALIGN (0x4)
 *(.isr_vector)
 .isr_vector    0x0000000008000000      0x188 ./Startup/startup_stm32f303k8tx.o
                0x0000000008000000                g_pfnVectors
                0x0000000008000188                . = ALIGN (0x4)

.text           0x0000000008000188     0x1808
                0x0000000008000188                . = ALIGN (0x4)
 *(.text)
 .text          0x0000000008000188       0x40 d:/stm32cubeide_1.10.1/stm32cubeide/plugins/com.st.stm32cube.ide.mcu.externaltools.gnu-tools-for-stm32.10.3-2021.10.win32_1.0.0.202111181127/tools/bin/../lib/gcc/arm-none-eabi/10.3.1/thumb/v7e-m+fp/hard/crtbegin.o
 .text          0x00000000080001c8       0x10 d:/stm32cubeide_1.10.1/stm32cubeide/plugins/com.st.stm32cube.ide.mcu.externaltools.gnu-tools-for-stm32.10.3-2021.10.win32_1.0.0.202111181127/tools/bin/../lib/gcc/arm-none-eabi/10.3.1/../../../../arm-none-eabi/lib/thumb/v7e-m+fp/hard\libc_nano.a(lib_a-strlen.o)
                0x00000000080001c8                strlen
 *(.text*)
 .text.LL_GPIO_SetPinMode
                0x00000000080001d8       0x5a ./Drivers/STM32F3xx_HAL_Driver/Src/stm32f3xx_ll_gpio.o
 .text.LL_GPIO_SetPinOutputType
                0x0000000008000232       0x30 ./Drivers/STM32F3xx_HAL_Driver/Src/stm32f3xx_ll_gpio.o
 .text.LL_GPIO_SetPinSpeed
                0x0000000008000262       0x5a ./Drivers/STM32F3xx_HAL_Driver/Src/stm32f3xx_ll_gpio.o
 .text.LL_GPIO_SetPinPull
                0x00000000080002bc       0x5a ./Drivers/STM32F3xx_HAL_Driver/Src/stm32f3xx_ll_gpio.o
 .text.LL_GPIO_SetAFPin_0_7
                0x0000000008000316       0x5a ./Drivers/STM32F3xx_HAL_Driver/Src/stm32f3xx_ll_gpio.o
 .text.LL_GPIO_SetAFPin_8_15
                0x0000000008000370       0x5e ./Drivers/STM32F3xx_HAL_Driver/Src/stm32f3xx_ll_gpio.o
 .text.LL_GPIO_Init
                0x00000000080003ce       0xf4 ./Drivers/STM32F3xx_HAL_Driver/Src/stm32f3xx_ll_gpio.o
                0x00000000080003ce                LL_GPIO_Init
 .text.LL_I2C_Enable
                0x00000000080004c2       0x20 ./Drivers/STM32F3xx_HAL_Driver/Src/stm32f3xx_ll_i2c.o
 .text.LL_I2C_Disable
                0x00000000080004e2       0x20 ./Drivers/STM32F3xx_HAL_Driver/Src/stm32f3xx_ll_i2c.o
 .text.LL_I2C_ConfigFilters
                0x0000000008000502       0x2e ./Drivers/STM32F3xx_HAL_Driver/Src/stm32f3xx_ll_i2c.o
 .text.LL_I2C_SetOwnAddress1
                0x0000000008000530       0x30 ./Drivers/STM32F3xx_HAL_Driver/Src/stm32f3xx_ll_i2c.o
 .text.LL_I2C_EnableOwnAddress1
                0x0000000008000560       0x20 ./Drivers/STM32F3xx_HAL_Driver/Src/stm32f3xx_ll_i2c.o
 .text.LL_I2C_DisableOwnAddress1
                0x0000000008000580       0x20 ./Drivers/STM32F3xx_HAL_Driver/Src/stm32f3xx_ll_i2c.o
 .text.LL_I2C_SetTiming
                0x00000000080005a0       0x1c ./Drivers/STM32F3xx_HAL_Driver/Src/stm32f3xx_ll_i2c.o
 .text.LL_I2C_SetMode
                0x00000000080005bc       0x26 ./Drivers/STM32F3xx_HAL_Driver/Src/stm32f3xx_ll_i2c.o
 .text.LL_I2C_AcknowledgeNextData
                0x00000000080005e2       0x26 ./Drivers/STM32F3xx_HAL_Driver/Src/stm32f3xx_ll_i2c.o
 .text.LL_I2C_Init
                0x0000000008000608       0x78 ./Drivers/STM32F3xx_HAL_Driver/Src/stm32f3xx_ll_i2c.o
                0x0000000008000608                LL_I2C_Init
 .text.LL_SPI_IsEnabled
                0x0000000008000680       0x26 ./Drivers/STM32F3xx_HAL_Driver/Src/stm32f3xx_ll_spi.o
 .text.LL_SPI_SetCRCPolynomial
                0x00000000080006a6       0x20 ./Drivers/STM32F3xx_HAL_Driver/Src/stm32f3xx_ll_spi.o
 .text.LL_SPI_Init
                0x00000000080006c6       0x9c ./Drivers/STM32F3xx_HAL_Driver/Src/stm32f3xx_ll_spi.o
                0x00000000080006c6                LL_SPI_Init
 *fill*         0x0000000008000762        0x2 
 .text.LL_InitTick
                0x0000000008000764       0x34 ./Drivers/STM32F3xx_HAL_Driver/Src/stm32f3xx_ll_utils.o
 .text.LL_Init1msTick
                0x0000000008000798       0x1a ./Drivers/STM32F3xx_HAL_Driver/Src/stm32f3xx_ll_utils.o
                0x0000000008000798                LL_Init1msTick
 *fill*         0x00000000080007b2        0x2 
 .text.LL_mDelay
                0x00000000080007b4       0x4c ./Drivers/STM32F3xx_HAL_Driver/Src/stm32f3xx_ll_utils.o
                0x00000000080007b4                LL_mDelay
 .text.LL_SetSystemCoreClock
                0x0000000008000800       0x20 ./Drivers/STM32F3xx_HAL_Driver/Src/stm32f3xx_ll_utils.o
                0x0000000008000800                LL_SetSystemCoreClock
 .text.LL_AHB1_GRP1_EnableClock
                0x0000000008000820       0x30 ./Src/gpio.o
 .text.LL_GPIO_ResetOutputPin
                0x0000000008000850       0x1c ./Src/gpio.o
 .text.MX_GPIO_Init
                0x000000000800086c       0x84 ./Src/gpio.o
                0x000000000800086c                MX_GPIO_Init
 .text.LL_I2C_EnableClockStretching
                0x00000000080008f0       0x20 ./Src/i2c.o
 .text.LL_I2C_DisableGeneralCall
                0x0000000008000910       0x20 ./Src/i2c.o
 .text.LL_I2C_SetOwnAddress2
                0x0000000008000930       0x30 ./Src/i2c.o
 .text.LL_I2C_DisableOwnAddress2
                0x0000000008000960       0x20 ./Src/i2c.o
 .text.LL_I2C_EnableAutoEndMode
                0x0000000008000980       0x20 ./Src/i2c.o
 .text.LL_AHB1_GRP1_EnableClock
                0x00000000080009a0       0x30 ./Src/i2c.o
 .text.LL_APB1_GRP1_EnableClock
                0x00000000080009d0       0x30 ./Src/i2c.o
 .text.MX_I2C1_Init
                0x0000000008000a00       0xbc ./Src/i2c.o
                0x0000000008000a00                MX_I2C1_Init
 .text.NVIC_SetPriorityGrouping
                0x0000000008000abc       0x48 ./Src/main.o
 .text.LL_RCC_HSI_Enable
                0x0000000008000b04       0x20 ./Src/main.o
 .text.LL_RCC_HSI_IsReady
                0x0000000008000b24       0x24 ./Src/main.o
 .text.LL_RCC_HSI_SetCalibTrimming
                0x0000000008000b48       0x2c ./Src/main.o
 .text.LL_RCC_SetSysClkSource
                0x0000000008000b74       0x28 ./Src/main.o
 .text.LL_RCC_GetSysClkSource
                0x0000000008000b9c       0x1c ./Src/main.o
 .text.LL_RCC_SetAHBPrescaler
                0x0000000008000bb8       0x28 ./Src/main.o
 .text.LL_RCC_SetAPB1Prescaler
                0x0000000008000be0       0x28 ./Src/main.o
 .text.LL_RCC_SetAPB2Prescaler
                0x0000000008000c08       0x28 ./Src/main.o
 .text.LL_RCC_SetI2CClockSource
                0x0000000008000c30       0x30 ./Src/main.o
 .text.LL_APB1_GRP1_EnableClock
                0x0000000008000c60       0x30 ./Src/main.o
 .text.LL_APB2_GRP1_EnableClock
                0x0000000008000c90       0x30 ./Src/main.o
 .text.LL_FLASH_SetLatency
                0x0000000008000cc0       0x28 ./Src/main.o
 .text.LL_FLASH_GetLatency
                0x0000000008000ce8       0x1c ./Src/main.o
 .text.LL_SYSTICK_SetClkSource
                0x0000000008000d04       0x38 ./Src/main.o
 .text.main     0x0000000008000d3c      0x164 ./Src/main.o
                0x0000000008000d3c                main
 .text.SystemClock_Config
                0x0000000008000ea0       0x74 ./Src/main.o
                0x0000000008000ea0                SystemClock_Config
 .text.Error_Handler
                0x0000000008000f14        0xe ./Src/main.o
                0x0000000008000f14                Error_Handler
 *fill*         0x0000000008000f22        0x2 
 .text.LL_AHB1_GRP1_EnableClock
                0x0000000008000f24       0x30 ./Src/spi.o
 .text.LL_APB2_GRP1_EnableClock
                0x0000000008000f54       0x30 ./Src/spi.o
 .text.LL_SPI_Enable
                0x0000000008000f84       0x20 ./Src/spi.o
 .text.LL_SPI_SetStandard
                0x0000000008000fa4       0x26 ./Src/spi.o
 .text.LL_SPI_EnableNSSPulseMgt
                0x0000000008000fca       0x20 ./Src/spi.o
 .text.LL_SPI_DisableNSSPulseMgt
                0x0000000008000fea       0x20 ./Src/spi.o
 .text.LL_SPI_IsActiveFlag_RXNE
                0x000000000800100a       0x26 ./Src/spi.o
 .text.LL_SPI_IsActiveFlag_TXE
                0x0000000008001030       0x26 ./Src/spi.o
 .text.LL_SPI_ReceiveData8
                0x0000000008001056       0x1a ./Src/spi.o
 .text.LL_SPI_TransmitData8
                0x0000000008001070       0x24 ./Src/spi.o
 .text.LL_GPIO_SetOutputPin
                0x0000000008001094       0x1c ./Src/spi.o
 .text.LL_GPIO_ResetOutputPin
                0x00000000080010b0       0x1c ./Src/spi.o
 .text.MX_SPI1_Init
                0x00000000080010cc       0xc4 ./Src/spi.o
                0x00000000080010cc                MX_SPI1_Init
 .text.readWriteSPI1
                0x0000000008001190       0x48 ./Src/spi.o
                0x0000000008001190                readWriteSPI1
 .text.initCS_Pin
                0x00000000080011d8        0xc ./Src/spi.o
                0x00000000080011d8                initCS_Pin
 .text.cs_set   0x00000000080011e4       0x14 ./Src/spi.o
                0x00000000080011e4                cs_set
 .text.cs_reset
                0x00000000080011f8       0x14 ./Src/spi.o
                0x00000000080011f8                cs_reset
 .text.initCD_Pin
                0x000000000800120c        0xe ./Src/spi.o
                0x000000000800120c                initCD_Pin
 *fill*         0x000000000800121a        0x2 
 .text.cd_set   0x000000000800121c       0x14 ./Src/spi.o
                0x000000000800121c                cd_set
 .text.cd_reset
                0x0000000008001230       0x14 ./Src/spi.o
                0x0000000008001230                cd_reset
 .text.initRES_Pin
                0x0000000008001244        0xe ./Src/spi.o
                0x0000000008001244                initRES_Pin
 .text.res_set  0x0000000008001252       0x12 ./Src/spi.o
                0x0000000008001252                res_set
 .text.res_reset
                0x0000000008001264       0x12 ./Src/spi.o
                0x0000000008001264                res_reset
 .text.NMI_Handler
                0x0000000008001276        0xe ./Src/stm32f3xx_it.o
                0x0000000008001276                NMI_Handler
 .text.HardFault_Handler
                0x0000000008001284        0x6 ./Src/stm32f3xx_it.o
                0x0000000008001284                HardFault_Handler
 .text.MemManage_Handler
                0x000000000800128a        0x6 ./Src/stm32f3xx_it.o
                0x000000000800128a                MemManage_Handler
 .text.BusFault_Handler
                0x0000000008001290        0x6 ./Src/stm32f3xx_it.o
                0x0000000008001290                BusFault_Handler
 .text.UsageFault_Handler
                0x0000000008001296        0x6 ./Src/stm32f3xx_it.o
                0x0000000008001296                UsageFault_Handler
 .text.SVC_Handler
                0x000000000800129c        0xe ./Src/stm32f3xx_it.o
                0x000000000800129c                SVC_Handler
 .text.DebugMon_Handler
                0x00000000080012aa        0xe ./Src/stm32f3xx_it.o
                0x00000000080012aa                DebugMon_Handler
 .text.PendSV_Handler
                0x00000000080012b8        0xe ./Src/stm32f3xx_it.o
                0x00000000080012b8                PendSV_Handler
 .text.SysTick_Handler
                0x00000000080012c6        0xe ./Src/stm32f3xx_it.o
                0x00000000080012c6                SysTick_Handler
 .text.SystemInit
                0x00000000080012d4       0x94 ./Src/system_stm32f3xx.o
                0x00000000080012d4                SystemInit
 .text.Reset_Handler
                0x0000000008001368       0x50 ./Startup/startup_stm32f303k8tx.o
                0x0000000008001368                Reset_Handler
 .text.Default_Handler
                0x00000000080013b8        0x2 ./Startup/startup_stm32f303k8tx.o
                0x00000000080013b8                RTC_Alarm_IRQHandler
                0x00000000080013b8                TIM1_CC_IRQHandler
                0x00000000080013b8                PVD_IRQHandler
                0x00000000080013b8                TAMP_STAMP_IRQHandler
                0x00000000080013b8                EXTI3_IRQHandler
                0x00000000080013b8                EXTI0_IRQHandler
                0x00000000080013b8                FPU_IRQHandler
                0x00000000080013b8                CAN_TX_IRQHandler
                0x00000000080013b8                TIM1_UP_TIM16_IRQHandler
                0x00000000080013b8                ADC1_2_IRQHandler
                0x00000000080013b8                SPI1_IRQHandler
                0x00000000080013b8                CAN_SCE_IRQHandler
                0x00000000080013b8                DMA1_Channel4_IRQHandler
                0x00000000080013b8                USART3_IRQHandler
                0x00000000080013b8                DMA1_Channel7_IRQHandler
                0x00000000080013b8                TIM7_DAC2_IRQHandler
                0x00000000080013b8                CAN_RX1_IRQHandler
                0x00000000080013b8                I2C1_EV_IRQHandler
                0x00000000080013b8                DMA1_Channel6_IRQHandler
                0x00000000080013b8                TIM3_IRQHandler
                0x00000000080013b8                RCC_IRQHandler
                0x00000000080013b8                DMA1_Channel1_IRQHandler
                0x00000000080013b8                Default_Handler
                0x00000000080013b8                EXTI15_10_IRQHandler
                0x00000000080013b8                COMP2_IRQHandler
                0x00000000080013b8                TIM6_DAC1_IRQHandler
                0x00000000080013b8                EXTI9_5_IRQHandler
                0x00000000080013b8                RTC_WKUP_IRQHandler
                0x00000000080013b8                DMA1_Channel5_IRQHandler
                0x00000000080013b8                EXTI4_IRQHandler
                0x00000000080013b8                TIM1_TRG_COM_TIM17_IRQHandler
                0x00000000080013b8                DMA1_Channel3_IRQHandler
                0x00000000080013b8                WWDG_IRQHandler
                0x00000000080013b8                TIM2_IRQHandler
                0x00000000080013b8                EXTI1_IRQHandler
                0x00000000080013b8                COMP4_6_IRQHandler
                0x00000000080013b8                USART2_IRQHandler
                0x00000000080013b8                DMA1_Channel2_IRQHandler
                0x00000000080013b8                FLASH_IRQHandler
                0x00000000080013b8                USART1_IRQHandler
                0x00000000080013b8                CAN_RX0_IRQHandler
                0x00000000080013b8                I2C1_ER_IRQHandler
                0x00000000080013b8                EXTI2_TSC_IRQHandler
                0x00000000080013b8                TIM1_BRK_TIM15_IRQHandler
 .text.lcdReset
                0x00000000080013ba       0x1c ./display/ili9163.o
                0x00000000080013ba                lcdReset
 .text.lcdWriteCommand
                0x00000000080013d6       0x26 ./display/ili9163.o
                0x00000000080013d6                lcdWriteCommand
 .text.lcdWriteParameter
                0x00000000080013fc       0x26 ./display/ili9163.o
                0x00000000080013fc                lcdWriteParameter
 .text.lcdWriteData
                0x0000000008001422       0x34 ./display/ili9163.o
                0x0000000008001422                lcdWriteData
 .text.lcdInitialise
                0x0000000008001456      0x1b6 ./display/ili9163.o
                0x0000000008001456                lcdInitialise
 .text.lcdClearDisplay
                0x000000000800160c       0x7e ./display/ili9163.o
                0x000000000800160c                lcdClearDisplay
 .text.lcdFilledRectangle
                0x000000000800168a       0xb8 ./display/ili9163.o
                0x000000000800168a                lcdFilledRectangle
 *fill*         0x0000000008001742        0x2 
 .text.lcdPutCh
                0x0000000008001744       0xec ./display/ili9163.o
                0x0000000008001744                lcdPutCh
 .text.decodeRgbValue
                0x0000000008001830       0x38 ./display/ili9163.o
                0x0000000008001830                decodeRgbValue
 .text.lcdTextX
                0x0000000008001868       0x22 ./display/ili9163.o
                0x0000000008001868                lcdTextX
 .text.lcdTextY
                0x000000000800188a       0x1c ./display/ili9163.o
                0x000000000800188a                lcdTextY
 .text.lcdPutS  0x00000000080018a6       0x78 ./display/ili9163.o
                0x00000000080018a6                lcdPutS
 *fill*         0x000000000800191e        0x2 
 .text.__libc_init_array
                0x0000000008001920       0x48 d:/stm32cubeide_1.10.1/stm32cubeide/plugins/com.st.stm32cube.ide.mcu.externaltools.gnu-tools-for-stm32.10.3-2021.10.win32_1.0.0.202111181127/tools/bin/../lib/gcc/arm-none-eabi/10.3.1/../../../../arm-none-eabi/lib/thumb/v7e-m+fp/hard\libc_nano.a(lib_a-init.o)
                0x0000000008001920                __libc_init_array
 .text.memset   0x0000000008001968       0x10 d:/stm32cubeide_1.10.1/stm32cubeide/plugins/com.st.stm32cube.ide.mcu.externaltools.gnu-tools-for-stm32.10.3-2021.10.win32_1.0.0.202111181127/tools/bin/../lib/gcc/arm-none-eabi/10.3.1/../../../../arm-none-eabi/lib/thumb/v7e-m+fp/hard\libc_nano.a(lib_a-memset.o)
                0x0000000008001968                memset
 *(.glue_7)
 .glue_7        0x0000000008001978        0x0 linker stubs
 *(.glue_7t)
 .glue_7t       0x0000000008001978        0x0 linker stubs
 *(.eh_frame)
 .eh_frame      0x0000000008001978        0x0 d:/stm32cubeide_1.10.1/stm32cubeide/plugins/com.st.stm32cube.ide.mcu.externaltools.gnu-tools-for-stm32.10.3-2021.10.win32_1.0.0.202111181127/tools/bin/../lib/gcc/arm-none-eabi/10.3.1/thumb/v7e-m+fp/hard/crtbegin.o
 *(.init)
 .init          0x0000000008001978        0x4 d:/stm32cubeide_1.10.1/stm32cubeide/plugins/com.st.stm32cube.ide.mcu.externaltools.gnu-tools-for-stm32.10.3-2021.10.win32_1.0.0.202111181127/tools/bin/../lib/gcc/arm-none-eabi/10.3.1/thumb/v7e-m+fp/hard/crti.o
                0x0000000008001978                _init
 .init          0x000000000800197c        0x8 d:/stm32cubeide_1.10.1/stm32cubeide/plugins/com.st.stm32cube.ide.mcu.externaltools.gnu-tools-for-stm32.10.3-2021.10.win32_1.0.0.202111181127/tools/bin/../lib/gcc/arm-none-eabi/10.3.1/thumb/v7e-m+fp/hard/crtn.o
 *(.fini)
 .fini          0x0000000008001984        0x4 d:/stm32cubeide_1.10.1/stm32cubeide/plugins/com.st.stm32cube.ide.mcu.externaltools.gnu-tools-for-stm32.10.3-2021.10.win32_1.0.0.202111181127/tools/bin/../lib/gcc/arm-none-eabi/10.3.1/thumb/v7e-m+fp/hard/crti.o
                0x0000000008001984                _fini
 .fini          0x0000000008001988        0x8 d:/stm32cubeide_1.10.1/stm32cubeide/plugins/com.st.stm32cube.ide.mcu.externaltools.gnu-tools-for-stm32.10.3-2021.10.win32_1.0.0.202111181127/tools/bin/../lib/gcc/arm-none-eabi/10.3.1/thumb/v7e-m+fp/hard/crtn.o
                0x0000000008001990                . = ALIGN (0x4)
                0x0000000008001990                _etext = .

.vfp11_veneer   0x0000000008001990        0x0
 .vfp11_veneer  0x0000000008001990        0x0 linker stubs

.v4_bx          0x0000000008001990        0x0
 .v4_bx         0x0000000008001990        0x0 linker stubs

.iplt           0x0000000008001990        0x0
 .iplt          0x0000000008001990        0x0 d:/stm32cubeide_1.10.1/stm32cubeide/plugins/com.st.stm32cube.ide.mcu.externaltools.gnu-tools-for-stm32.10.3-2021.10.win32_1.0.0.202111181127/tools/bin/../lib/gcc/arm-none-eabi/10.3.1/thumb/v7e-m+fp/hard/crtbegin.o

.rodata         0x0000000008001990      0x328
                0x0000000008001990                . = ALIGN (0x4)
 *(.rodata)
 .rodata        0x0000000008001990       0x28 ./Src/main.o
 *(.rodata*)
 .rodata.fontus
                0x00000000080019b8      0x300 ./display/ili9163.o
                0x00000000080019b8                fontus
                0x0000000008001cb8                . = ALIGN (0x4)

.rel.dyn        0x0000000008001cb8        0x0
 .rel.iplt      0x0000000008001cb8        0x0 d:/stm32cubeide_1.10.1/stm32cubeide/plugins/com.st.stm32cube.ide.mcu.externaltools.gnu-tools-for-stm32.10.3-2021.10.win32_1.0.0.202111181127/tools/bin/../lib/gcc/arm-none-eabi/10.3.1/thumb/v7e-m+fp/hard/crtbegin.o

.ARM.extab      0x0000000008001cb8        0x0
                0x0000000008001cb8                . = ALIGN (0x4)
 *(.ARM.extab* .gnu.linkonce.armextab.*)
                0x0000000008001cb8                . = ALIGN (0x4)

.ARM            0x0000000008001cb8        0x0
                0x0000000008001cb8                . = ALIGN (0x4)
                0x0000000008001cb8                __exidx_start = .
 *(.ARM.exidx*)
                0x0000000008001cb8                __exidx_end = .
                0x0000000008001cb8                . = ALIGN (0x4)

.preinit_array  0x0000000008001cb8        0x0
                0x0000000008001cb8                . = ALIGN (0x4)
                0x0000000008001cb8                PROVIDE (__preinit_array_start = .)
 *(.preinit_array*)
                0x0000000008001cb8                PROVIDE (__preinit_array_end = .)
                0x0000000008001cb8                . = ALIGN (0x4)

.init_array     0x0000000008001cb8        0x4
                0x0000000008001cb8                . = ALIGN (0x4)
                0x0000000008001cb8                PROVIDE (__init_array_start = .)
 *(SORT_BY_NAME(.init_array.*))
 *(.init_array*)
 .init_array    0x0000000008001cb8        0x4 d:/stm32cubeide_1.10.1/stm32cubeide/plugins/com.st.stm32cube.ide.mcu.externaltools.gnu-tools-for-stm32.10.3-2021.10.win32_1.0.0.202111181127/tools/bin/../lib/gcc/arm-none-eabi/10.3.1/thumb/v7e-m+fp/hard/crtbegin.o
                0x0000000008001cbc                PROVIDE (__init_array_end = .)
                0x0000000008001cbc                . = ALIGN (0x4)

.fini_array     0x0000000008001cbc        0x4
                0x0000000008001cbc                . = ALIGN (0x4)
                [!provide]                        PROVIDE (__fini_array_start = .)
 *(SORT_BY_NAME(.fini_array.*))
 *(.fini_array*)
 .fini_array    0x0000000008001cbc        0x4 d:/stm32cubeide_1.10.1/stm32cubeide/plugins/com.st.stm32cube.ide.mcu.externaltools.gnu-tools-for-stm32.10.3-2021.10.win32_1.0.0.202111181127/tools/bin/../lib/gcc/arm-none-eabi/10.3.1/thumb/v7e-m+fp/hard/crtbegin.o
                [!provide]                        PROVIDE (__fini_array_end = .)
                0x0000000008001cc0                . = ALIGN (0x4)
                0x0000000008001cc0                _sidata = LOADADDR (.data)

.data           0x0000000020000000        0x4 load address 0x0000000008001cc0
                0x0000000020000000                . = ALIGN (0x4)
                0x0000000020000000                _sdata = .
 *(.data)
 *(.data*)
 .data.SystemCoreClock
                0x0000000020000000        0x4 ./Src/system_stm32f3xx.o
                0x0000000020000000                SystemCoreClock
                0x0000000020000004                . = ALIGN (0x4)
                0x0000000020000004                _edata = .

.igot.plt       0x0000000020000004        0x0 load address 0x0000000008001cc4
 .igot.plt      0x0000000020000004        0x0 d:/stm32cubeide_1.10.1/stm32cubeide/plugins/com.st.stm32cube.ide.mcu.externaltools.gnu-tools-for-stm32.10.3-2021.10.win32_1.0.0.202111181127/tools/bin/../lib/gcc/arm-none-eabi/10.3.1/thumb/v7e-m+fp/hard/crtbegin.o
                0x0000000020000004                . = ALIGN (0x4)

.bss            0x0000000020000004       0x1c load address 0x0000000008001cc4
                0x0000000020000004                _sbss = .
                0x0000000020000004                __bss_start__ = _sbss
 *(.bss)
 .bss           0x0000000020000004       0x1c d:/stm32cubeide_1.10.1/stm32cubeide/plugins/com.st.stm32cube.ide.mcu.externaltools.gnu-tools-for-stm32.10.3-2021.10.win32_1.0.0.202111181127/tools/bin/../lib/gcc/arm-none-eabi/10.3.1/thumb/v7e-m+fp/hard/crtbegin.o
 *(.bss*)
 *(COMMON)
                0x0000000020000020                . = ALIGN (0x4)
                0x0000000020000020                _ebss = .
                0x0000000020000020                __bss_end__ = _ebss

._user_heap_stack
                0x0000000020000020      0x600 load address 0x0000000008001cc4
                0x0000000020000020                . = ALIGN (0x8)
                0x0000000020000020                PROVIDE (end = .)
                [!provide]                        PROVIDE (_end = .)
                0x0000000020000220                . = (. + _Min_Heap_Size)
 *fill*         0x0000000020000020      0x200 
                0x0000000020000620                . = (. + _Min_Stack_Size)
 *fill*         0x0000000020000220      0x400 
                0x0000000020000620                . = ALIGN (0x8)

/DISCARD/
 libc.a(*)
 libm.a(*)
 libgcc.a(*)

.ARM.attributes
                0x0000000000000000       0x30
 *(.ARM.attributes)
 .ARM.attributes
                0x0000000000000000       0x1e d:/stm32cubeide_1.10.1/stm32cubeide/plugins/com.st.stm32cube.ide.mcu.externaltools.gnu-tools-for-stm32.10.3-2021.10.win32_1.0.0.202111181127/tools/bin/../lib/gcc/arm-none-eabi/10.3.1/thumb/v7e-m+fp/hard/crti.o
 .ARM.attributes
                0x000000000000001e       0x34 d:/stm32cubeide_1.10.1/stm32cubeide/plugins/com.st.stm32cube.ide.mcu.externaltools.gnu-tools-for-stm32.10.3-2021.10.win32_1.0.0.202111181127/tools/bin/../lib/gcc/arm-none-eabi/10.3.1/thumb/v7e-m+fp/hard/crtbegin.o
 .ARM.attributes
                0x0000000000000052       0x34 ./Drivers/STM32F3xx_HAL_Driver/Src/stm32f3xx_ll_gpio.o
 .ARM.attributes
                0x0000000000000086       0x34 ./Drivers/STM32F3xx_HAL_Driver/Src/stm32f3xx_ll_i2c.o
 .ARM.attributes
                0x00000000000000ba       0x34 ./Drivers/STM32F3xx_HAL_Driver/Src/stm32f3xx_ll_spi.o
 .ARM.attributes
                0x00000000000000ee       0x34 ./Drivers/STM32F3xx_HAL_Driver/Src/stm32f3xx_ll_utils.o
 .ARM.attributes
                0x0000000000000122       0x34 ./Src/gpio.o
 .ARM.attributes
                0x0000000000000156       0x34 ./Src/i2c.o
 .ARM.attributes
                0x000000000000018a       0x34 ./Src/main.o
 .ARM.attributes
                0x00000000000001be       0x34 ./Src/spi.o
 .ARM.attributes
                0x00000000000001f2       0x34 ./Src/stm32f3xx_it.o
 .ARM.attributes
                0x0000000000000226       0x34 ./Src/system_stm32f3xx.o
 .ARM.attributes
                0x000000000000025a       0x21 ./Startup/startup_stm32f303k8tx.o
 .ARM.attributes
                0x000000000000027b       0x34 ./display/ili9163.o
 .ARM.attributes
                0x00000000000002af       0x34 d:/stm32cubeide_1.10.1/stm32cubeide/plugins/com.st.stm32cube.ide.mcu.externaltools.gnu-tools-for-stm32.10.3-2021.10.win32_1.0.0.202111181127/tools/bin/../lib/gcc/arm-none-eabi/10.3.1/../../../../arm-none-eabi/lib/thumb/v7e-m+fp/hard\libc_nano.a(lib_a-init.o)
 .ARM.attributes
                0x00000000000002e3       0x34 d:/stm32cubeide_1.10.1/stm32cubeide/plugins/com.st.stm32cube.ide.mcu.externaltools.gnu-tools-for-stm32.10.3-2021.10.win32_1.0.0.202111181127/tools/bin/../lib/gcc/arm-none-eabi/10.3.1/../../../../arm-none-eabi/lib/thumb/v7e-m+fp/hard\libc_nano.a(lib_a-memset.o)
 .ARM.attributes
                0x0000000000000317       0x17 d:/stm32cubeide_1.10.1/stm32cubeide/plugins/com.st.stm32cube.ide.mcu.externaltools.gnu-tools-for-stm32.10.3-2021.10.win32_1.0.0.202111181127/tools/bin/../lib/gcc/arm-none-eabi/10.3.1/../../../../arm-none-eabi/lib/thumb/v7e-m+fp/hard\libc_nano.a(lib_a-strlen.o)
 .ARM.attributes
                0x000000000000032e       0x1e d:/stm32cubeide_1.10.1/stm32cubeide/plugins/com.st.stm32cube.ide.mcu.externaltools.gnu-tools-for-stm32.10.3-2021.10.win32_1.0.0.202111181127/tools/bin/../lib/gcc/arm-none-eabi/10.3.1/thumb/v7e-m+fp/hard/crtn.o
OUTPUT(SPI_display.elf elf32-littlearm)
LOAD linker stubs
LOAD d:/stm32cubeide_1.10.1/stm32cubeide/plugins/com.st.stm32cube.ide.mcu.externaltools.gnu-tools-for-stm32.10.3-2021.10.win32_1.0.0.202111181127/tools/bin/../lib/gcc/arm-none-eabi/10.3.1/../../../../arm-none-eabi/lib/thumb/v7e-m+fp/hard\libc.a
LOAD d:/stm32cubeide_1.10.1/stm32cubeide/plugins/com.st.stm32cube.ide.mcu.externaltools.gnu-tools-for-stm32.10.3-2021.10.win32_1.0.0.202111181127/tools/bin/../lib/gcc/arm-none-eabi/10.3.1/../../../../arm-none-eabi/lib/thumb/v7e-m+fp/hard\libm.a
LOAD d:/stm32cubeide_1.10.1/stm32cubeide/plugins/com.st.stm32cube.ide.mcu.externaltools.gnu-tools-for-stm32.10.3-2021.10.win32_1.0.0.202111181127/tools/bin/../lib/gcc/arm-none-eabi/10.3.1/thumb/v7e-m+fp/hard\libgcc.a

.debug_info     0x0000000000000000     0x4063
 .debug_info    0x0000000000000000      0x739 ./Drivers/STM32F3xx_HAL_Driver/Src/stm32f3xx_ll_gpio.o
 .debug_info    0x0000000000000739      0x56c ./Drivers/STM32F3xx_HAL_Driver/Src/stm32f3xx_ll_i2c.o
 .debug_info    0x0000000000000ca5      0x40e ./Drivers/STM32F3xx_HAL_Driver/Src/stm32f3xx_ll_spi.o
 .debug_info    0x00000000000010b3      0x830 ./Drivers/STM32F3xx_HAL_Driver/Src/stm32f3xx_ll_utils.o
 .debug_info    0x00000000000018e3      0x39c ./Src/gpio.o
 .debug_info    0x0000000000001c7f      0x5de ./Src/i2c.o
 .debug_info    0x000000000000225d      0x8a3 ./Src/main.o
 .debug_info    0x0000000000002b00      0x7e4 ./Src/spi.o
 .debug_info    0x00000000000032e4      0x16e ./Src/stm32f3xx_it.o
 .debug_info    0x0000000000003452      0x40f ./Src/system_stm32f3xx.o
 .debug_info    0x0000000000003861       0x22 ./Startup/startup_stm32f303k8tx.o
 .debug_info    0x0000000000003883      0x7e0 ./display/ili9163.o

.debug_abbrev   0x0000000000000000     0x125d
 .debug_abbrev  0x0000000000000000      0x20e ./Drivers/STM32F3xx_HAL_Driver/Src/stm32f3xx_ll_gpio.o
 .debug_abbrev  0x000000000000020e      0x167 ./Drivers/STM32F3xx_HAL_Driver/Src/stm32f3xx_ll_i2c.o
 .debug_abbrev  0x0000000000000375      0x17a ./Drivers/STM32F3xx_HAL_Driver/Src/stm32f3xx_ll_spi.o
 .debug_abbrev  0x00000000000004ef      0x280 ./Drivers/STM32F3xx_HAL_Driver/Src/stm32f3xx_ll_utils.o
 .debug_abbrev  0x000000000000076f      0x191 ./Src/gpio.o
 .debug_abbrev  0x0000000000000900      0x191 ./Src/i2c.o
 .debug_abbrev  0x0000000000000a91      0x216 ./Src/main.o
 .debug_abbrev  0x0000000000000ca7      0x231 ./Src/spi.o
 .debug_abbrev  0x0000000000000ed8       0x80 ./Src/stm32f3xx_it.o
 .debug_abbrev  0x0000000000000f58      0x116 ./Src/system_stm32f3xx.o
 .debug_abbrev  0x000000000000106e       0x12 ./Startup/startup_stm32f303k8tx.o
 .debug_abbrev  0x0000000000001080      0x1dd ./display/ili9163.o

.debug_aranges  0x0000000000000000      0x580
 .debug_aranges
                0x0000000000000000       0x70 ./Drivers/STM32F3xx_HAL_Driver/Src/stm32f3xx_ll_gpio.o
 .debug_aranges
                0x0000000000000070       0x88 ./Drivers/STM32F3xx_HAL_Driver/Src/stm32f3xx_ll_i2c.o
 .debug_aranges
                0x00000000000000f8       0x50 ./Drivers/STM32F3xx_HAL_Driver/Src/stm32f3xx_ll_spi.o
 .debug_aranges
                0x0000000000000148       0xf0 ./Drivers/STM32F3xx_HAL_Driver/Src/stm32f3xx_ll_utils.o
 .debug_aranges
                0x0000000000000238       0x30 ./Src/gpio.o
 .debug_aranges
                0x0000000000000268       0x58 ./Src/i2c.o
 .debug_aranges
                0x00000000000002c0       0xa8 ./Src/main.o
 .debug_aranges
                0x0000000000000368       0xd0 ./Src/spi.o
 .debug_aranges
                0x0000000000000438       0x60 ./Src/stm32f3xx_it.o
 .debug_aranges
                0x0000000000000498       0x28 ./Src/system_stm32f3xx.o
 .debug_aranges
                0x00000000000004c0       0x28 ./Startup/startup_stm32f303k8tx.o
 .debug_aranges
                0x00000000000004e8       0x98 ./display/ili9163.o

.debug_ranges   0x0000000000000000      0x4c8
 .debug_ranges  0x0000000000000000       0x60 ./Drivers/STM32F3xx_HAL_Driver/Src/stm32f3xx_ll_gpio.o
 .debug_ranges  0x0000000000000060       0x78 ./Drivers/STM32F3xx_HAL_Driver/Src/stm32f3xx_ll_i2c.o
 .debug_ranges  0x00000000000000d8       0x40 ./Drivers/STM32F3xx_HAL_Driver/Src/stm32f3xx_ll_spi.o
 .debug_ranges  0x0000000000000118       0xe0 ./Drivers/STM32F3xx_HAL_Driver/Src/stm32f3xx_ll_utils.o
 .debug_ranges  0x00000000000001f8       0x20 ./Src/gpio.o
 .debug_ranges  0x0000000000000218       0x48 ./Src/i2c.o
 .debug_ranges  0x0000000000000260       0x98 ./Src/main.o
 .debug_ranges  0x00000000000002f8       0xc0 ./Src/spi.o
 .debug_ranges  0x00000000000003b8       0x50 ./Src/stm32f3xx_it.o
 .debug_ranges  0x0000000000000408       0x18 ./Src/system_stm32f3xx.o
 .debug_ranges  0x0000000000000420       0x20 ./Startup/startup_stm32f303k8tx.o
 .debug_ranges  0x0000000000000440       0x88 ./display/ili9163.o

.debug_macro    0x0000000000000000     0x2918
 .debug_macro   0x0000000000000000      0x10c ./Drivers/STM32F3xx_HAL_Driver/Src/stm32f3xx_ll_gpio.o
 .debug_macro   0x000000000000010c      0x149 ./Drivers/STM32F3xx_HAL_Driver/Src/stm32f3xx_ll_gpio.o
 .debug_macro   0x0000000000000255      0x10c ./Drivers/STM32F3xx_HAL_Driver/Src/stm32f3xx_ll_i2c.o
 .debug_macro   0x0000000000000361      0x249 ./Drivers/STM32F3xx_HAL_Driver/Src/stm32f3xx_ll_i2c.o
 .debug_macro   0x00000000000005aa      0x133 ./Drivers/STM32F3xx_HAL_Driver/Src/stm32f3xx_ll_spi.o
 .debug_macro   0x00000000000006dd      0x1d2 ./Drivers/STM32F3xx_HAL_Driver/Src/stm32f3xx_ll_spi.o
 .debug_macro   0x00000000000008af      0x4bb ./Drivers/STM32F3xx_HAL_Driver/Src/stm32f3xx_ll_spi.o
 .debug_macro   0x0000000000000d6a      0x14a ./Drivers/STM32F3xx_HAL_Driver/Src/stm32f3xx_ll_utils.o
 .debug_macro   0x0000000000000eb4       0x30 ./Drivers/STM32F3xx_HAL_Driver/Src/stm32f3xx_ll_utils.o
 .debug_macro   0x0000000000000ee4      0x2a5 ./Drivers/STM32F3xx_HAL_Driver/Src/stm32f3xx_ll_utils.o
 .debug_macro   0x0000000000001189       0xaf ./Drivers/STM32F3xx_HAL_Driver/Src/stm32f3xx_ll_utils.o
 .debug_macro   0x0000000000001238      0x146 ./Src/gpio.o
 .debug_macro   0x000000000000137e      0x24f ./Src/gpio.o
 .debug_macro   0x00000000000015cd      0x102 ./Src/gpio.o
 .debug_macro   0x00000000000016cf       0x28 ./Src/gpio.o
 .debug_macro   0x00000000000016f7      0x287 ./Src/gpio.o
 .debug_macro   0x000000000000197e      0x1d8 ./Src/gpio.o
 .debug_macro   0x0000000000001b56      0x14f ./Src/gpio.o
 .debug_macro   0x0000000000001ca5       0x22 ./Src/gpio.o
 .debug_macro   0x0000000000001cc7      0x146 ./Src/i2c.o
 .debug_macro   0x0000000000001e0d      0x167 ./Src/main.o
 .debug_macro   0x0000000000001f74      0x1de ./Src/main.o
 .debug_macro   0x0000000000002152      0x146 ./Src/spi.o
 .debug_macro   0x0000000000002298      0x146 ./Src/stm32f3xx_it.o
 .debug_macro   0x00000000000023de       0xd0 ./Src/system_stm32f3xx.o
 .debug_macro   0x00000000000024ae      0x227 ./display/ili9163.o
 .debug_macro   0x00000000000026d5       0x10 ./display/ili9163.o
 .debug_macro   0x00000000000026e5       0x20 ./display/ili9163.o
 .debug_macro   0x0000000000002705      0x1d8 ./display/ili9163.o
 .debug_macro   0x00000000000028dd       0x3b ./display/ili9163.o

.debug_line     0x0000000000000000     0x4e6c
 .debug_line    0x0000000000000000      0x73e ./Drivers/STM32F3xx_HAL_Driver/Src/stm32f3xx_ll_gpio.o
 .debug_line    0x000000000000073e      0x622 ./Drivers/STM32F3xx_HAL_Driver/Src/stm32f3xx_ll_i2c.o
 .debug_line    0x0000000000000d60      0x59f ./Drivers/STM32F3xx_HAL_Driver/Src/stm32f3xx_ll_spi.o
 .debug_line    0x00000000000012ff      0x8e6 ./Drivers/STM32F3xx_HAL_Driver/Src/stm32f3xx_ll_utils.o
 .debug_line    0x0000000000001be5      0x5dc ./Src/gpio.o
 .debug_line    0x00000000000021c1      0x66c ./Src/i2c.o
 .debug_line    0x000000000000282d      0x7fe ./Src/main.o
 .debug_line    0x000000000000302b      0x82f ./Src/spi.o
 .debug_line    0x000000000000385a      0x631 ./Src/stm32f3xx_it.o
 .debug_line    0x0000000000003e8b      0x4e6 ./Src/system_stm32f3xx.o
 .debug_line    0x0000000000004371       0x81 ./Startup/startup_stm32f303k8tx.o
 .debug_line    0x00000000000043f2      0xa7a ./display/ili9163.o

.debug_str      0x0000000000000000    0x71798
 .debug_str     0x0000000000000000    0x64631 ./Drivers/STM32F3xx_HAL_Driver/Src/stm32f3xx_ll_gpio.o
                                      0x647bb (size before relaxing)
 .debug_str     0x0000000000064631     0x147b ./Drivers/STM32F3xx_HAL_Driver/Src/stm32f3xx_ll_i2c.o
                                      0x64e43 (size before relaxing)
 .debug_str     0x0000000000065aac     0x37e4 ./Drivers/STM32F3xx_HAL_Driver/Src/stm32f3xx_ll_spi.o
                                      0x671a7 (size before relaxing)
 .debug_str     0x0000000000069290     0x2ddd ./Drivers/STM32F3xx_HAL_Driver/Src/stm32f3xx_ll_utils.o
                                      0x68485 (size before relaxing)
 .debug_str     0x000000000006c06d     0x1922 ./Src/gpio.o
                                      0x6b81d (size before relaxing)
 .debug_str     0x000000000006d98f       0xc8 ./Src/i2c.o
                                      0x6b969 (size before relaxing)
 .debug_str     0x000000000006da57      0x848 ./Src/main.o
                                      0x6c118 (size before relaxing)
 .debug_str     0x000000000006e29f      0x131 ./Src/spi.o
                                      0x6ba34 (size before relaxing)
 .debug_str     0x000000000006e3d0       0xb8 ./Src/stm32f3xx_it.o
                                      0x6b76e (size before relaxing)
 .debug_str     0x000000000006e488       0x7c ./Src/system_stm32f3xx.o
                                      0x6349f (size before relaxing)
 .debug_str     0x000000000006e504       0x31 ./Startup/startup_stm32f303k8tx.o
                                         0x61 (size before relaxing)
 .debug_str     0x000000000006e535     0x3263 ./display/ili9163.o
                                      0x6f0ce (size before relaxing)

.comment        0x0000000000000000       0x50
 .comment       0x0000000000000000       0x50 ./Drivers/STM32F3xx_HAL_Driver/Src/stm32f3xx_ll_gpio.o
                                         0x51 (size before relaxing)
 .comment       0x0000000000000050       0x51 ./Drivers/STM32F3xx_HAL_Driver/Src/stm32f3xx_ll_i2c.o
 .comment       0x0000000000000050       0x51 ./Drivers/STM32F3xx_HAL_Driver/Src/stm32f3xx_ll_spi.o
 .comment       0x0000000000000050       0x51 ./Drivers/STM32F3xx_HAL_Driver/Src/stm32f3xx_ll_utils.o
 .comment       0x0000000000000050       0x51 ./Src/gpio.o
 .comment       0x0000000000000050       0x51 ./Src/i2c.o
 .comment       0x0000000000000050       0x51 ./Src/main.o
 .comment       0x0000000000000050       0x51 ./Src/spi.o
 .comment       0x0000000000000050       0x51 ./Src/stm32f3xx_it.o
 .comment       0x0000000000000050       0x51 ./Src/system_stm32f3xx.o
 .comment       0x0000000000000050       0x51 ./display/ili9163.o

.debug_frame    0x0000000000000000     0x14c8
 .debug_frame   0x0000000000000000      0x1c0 ./Drivers/STM32F3xx_HAL_Driver/Src/stm32f3xx_ll_gpio.o
 .debug_frame   0x00000000000001c0      0x238 ./Drivers/STM32F3xx_HAL_Driver/Src/stm32f3xx_ll_i2c.o
 .debug_frame   0x00000000000003f8      0x120 ./Drivers/STM32F3xx_HAL_Driver/Src/stm32f3xx_ll_spi.o
 .debug_frame   0x0000000000000518      0x3dc ./Drivers/STM32F3xx_HAL_Driver/Src/stm32f3xx_ll_utils.o
 .debug_frame   0x00000000000008f4       0x84 ./Src/gpio.o
 .debug_frame   0x0000000000000978      0x14c ./Src/i2c.o
 .debug_frame   0x0000000000000ac4      0x2a8 ./Src/main.o
 .debug_frame   0x0000000000000d6c      0x33c ./Src/spi.o
 .debug_frame   0x00000000000010a8      0x110 ./Src/stm32f3xx_it.o
 .debug_frame   0x00000000000011b8       0x58 ./Src/system_stm32f3xx.o
 .debug_frame   0x0000000000001210      0x26c ./display/ili9163.o
 .debug_frame   0x000000000000147c       0x2c d:/stm32cubeide_1.10.1/stm32cubeide/plugins/com.st.stm32cube.ide.mcu.externaltools.gnu-tools-for-stm32.10.3-2021.10.win32_1.0.0.202111181127/tools/bin/../lib/gcc/arm-none-eabi/10.3.1/../../../../arm-none-eabi/lib/thumb/v7e-m+fp/hard\libc_nano.a(lib_a-init.o)
 .debug_frame   0x00000000000014a8       0x20 d:/stm32cubeide_1.10.1/stm32cubeide/plugins/com.st.stm32cube.ide.mcu.externaltools.gnu-tools-for-stm32.10.3-2021.10.win32_1.0.0.202111181127/tools/bin/../lib/gcc/arm-none-eabi/10.3.1/../../../../arm-none-eabi/lib/thumb/v7e-m+fp/hard\libc_nano.a(lib_a-memset.o)
