../Drivers/STM32F3xx_HAL_Driver/Inc/stm32f3xx_ll_bus.h:303:22:LL_AHB1_GRP1_EnableClock	24	static
../Drivers/STM32F3xx_HAL_Driver/Inc/stm32f3xx_ll_bus.h:867:22:LL_APB2_GRP1_EnableClock	24	static
../Drivers/STM32F3xx_HAL_Driver/Inc/stm32f3xx_ll_spi.h:375:22:LL_SPI_Enable	16	static
../Drivers/STM32F3xx_HAL_Driver/Inc/stm32f3xx_ll_spi.h:443:22:LL_SPI_SetStandard	16	static
../Drivers/STM32F3xx_HAL_Driver/Inc/stm32f3xx_ll_spi.h:879:22:LL_SPI_EnableNSSPulseMgt	16	static
../Drivers/STM32F3xx_HAL_Driver/Inc/stm32f3xx_ll_spi.h:891:22:LL_SPI_DisableNSSPulseMgt	16	static
../Drivers/STM32F3xx_HAL_Driver/Inc/stm32f3xx_ll_spi.h:922:26:LL_SPI_IsActiveFlag_RXNE	16	static
../Drivers/STM32F3xx_HAL_Driver/Inc/stm32f3xx_ll_spi.h:933:26:LL_SPI_IsActiveFlag_TXE	16	static
../Drivers/STM32F3xx_HAL_Driver/Inc/stm32f3xx_ll_spi.h:1351:25:LL_SPI_ReceiveData8	16	static
../Drivers/STM32F3xx_HAL_Driver/Inc/stm32f3xx_ll_spi.h:1374:22:LL_SPI_TransmitData8	24	static
../Drivers/STM32F3xx_HAL_Driver/Inc/stm32f3xx_ll_gpio.h:895:22:LL_GPIO_SetOutputPin	16	static
../Drivers/STM32F3xx_HAL_Driver/Inc/stm32f3xx_ll_gpio.h:924:22:LL_GPIO_ResetOutputPin	16	static
../Src/spi.c:28:6:MX_SPI1_Init	72	static
../Src/spi.c:73:15:readWriteSPI1	24	static
../Src/spi.c:88:6:initCS_Pin	8	static
../Src/spi.c:104:6:cs_set	8	static
../Src/spi.c:109:6:cs_reset	8	static
../Src/spi.c:114:6:initCD_Pin	4	static
../Src/spi.c:129:6:cd_set	8	static
../Src/spi.c:134:6:cd_reset	8	static
../Src/spi.c:139:6:initRES_Pin	4	static
../Src/spi.c:154:6:res_set	8	static
../Src/spi.c:159:6:res_reset	8	static
